../Core/Src/main.c:87:6:setTimer0	16	static
../Core/Src/main.c:92:6:timer_run	4	static
../Core/Src/main.c:173:5:main	16	static
../Core/Src/main.c:306:6:SystemClock_Config	88	static
../Core/Src/main.c:352:13:MX_TIM1_Init	56	static
../Core/Src/main.c:402:13:MX_TIM2_Init	64	static
../Core/Src/main.c:461:13:MX_TIM3_Init	56	static
../Core/Src/main.c:510:13:MX_TIM4_Init	64	static
../Core/Src/main.c:569:13:MX_TIM5_Init	32	static
../Core/Src/main.c:614:13:MX_TIM9_Init	24	static
../Core/Src/main.c:652:13:MX_USART2_UART_Init	8	static
../Core/Src/main.c:683:13:MX_DMA_Init	16	static
../Core/Src/main.c:701:13:MX_GPIO_Init	40	static
../Core/Src/main.c:753:5:PIDLienTuc	40	static
../Core/Src/main.c:773:6:HAL_TIM_PeriodElapsedCallback	16	static
../Core/Src/main.c:783:6:Error_Handler	4	static,ignoring_inline_asm
